2026-10-07 02:14:35 INFO  [main] PayPilotApplication - Starting PayPilotApplication using Java 17.0.12 with PID 12532 (C:\Users\azureuser\eclipse-workspace\Paypilot1\target\classes started by azureuser in C:\Users\azureuser\eclipse-workspace\Paypilot1)
2026-10-07 02:14:35 INFO  [main] PayPilotApplication - No active profile set, falling back to 1 default profile: "default"
2026-10-07 02:14:40 INFO  [main] UserService - UserService initialized
2026-10-07 02:14:40 INFO  [main] UserController - UserController initialized
2026-10-07 02:15:42 INFO  [main] PayPilotApplication - Starting PayPilotApplication using Java 17.0.12 with PID 6944 (C:\Users\azureuser\eclipse-workspace\Paypilot1\target\classes started by azureuser in C:\Users\azureuser\eclipse-workspace\Paypilot1)
2026-10-07 02:15:42 INFO  [main] PayPilotApplication - No active profile set, falling back to 1 default profile: "default"
2026-10-07 02:15:46 INFO  [main] UserService - UserService initialized
2026-10-07 02:15:46 INFO  [main] UserController - UserController initialized
2026-10-07 02:17:30 INFO  [main] PayPilotApplication - Starting PayPilotApplication using Java 17.0.12 with PID 512 (C:\Users\azureuser\eclipse-workspace\Paypilot1\target\classes started by azureuser in C:\Users\azureuser\eclipse-workspace\Paypilot1)
2026-10-07 02:17:30 INFO  [main] PayPilotApplication - No active profile set, falling back to 1 default profile: "default"
2026-10-07 02:25:53 INFO  [main] PayPilotApplication - Starting PayPilotApplication using Java 17.0.12 with PID 7328 (C:\Users\azureuser\eclipse-workspace\Paypilot1\target\classes started by azureuser in C:\Users\azureuser\eclipse-workspace\Paypilot1)
2026-10-07 02:25:53 INFO  [main] PayPilotApplication - No active profile set, falling back to 1 default profile: "default"
2026-10-07 02:28:12 INFO  [main] PayPilotApplication - Starting PayPilotApplication using Java 17.0.12 with PID 13376 (C:\Users\azureuser\eclipse-workspace\Paypilot1\target\classes started by azureuser in C:\Users\azureuser\eclipse-workspace\Paypilot1)
2026-10-07 02:28:13 INFO  [main] PayPilotApplication - No active profile set, falling back to 1 default profile: "default"
2026-10-07 02:30:30 INFO  [main] PayPilotApplication - Starting PayPilotApplication using Java 17.0.12 with PID 14128 (C:\Users\azureuser\eclipse-workspace\Paypilot1\target\classes started by azureuser in C:\Users\azureuser\eclipse-workspace\Paypilot1)
2026-10-07 02:30:30 INFO  [main] PayPilotApplication - No active profile set, falling back to 1 default profile: "default"
2026-10-07 02:36:44 INFO  [main] PayPilotApplication - Starting PayPilotApplication using Java 17.0.12 with PID 12476 (C:\Users\azureuser\eclipse-workspace\Paypilot1\target\classes started by azureuser in C:\Users\azureuser\eclipse-workspace\Paypilot1)
2026-10-07 02:36:44 INFO  [main] PayPilotApplication - No active profile set, falling back to 1 default profile: "default"
2026-10-07 02:38:25 INFO  [main] PayPilotApplication - Starting PayPilotApplication using Java 17.0.12 with PID 12436 (C:\Users\azureuser\eclipse-workspace\Paypilot1\target\classes started by azureuser in C:\Users\azureuser\eclipse-workspace\Paypilot1)
2026-10-07 02:38:25 INFO  [main] PayPilotApplication - No active profile set, falling back to 1 default profile: "default"
2026-10-07 02:38:29 INFO  [main] UserService - UserService initialized
2026-10-07 02:38:29 INFO  [main] UserController - UserController initialized
2026-10-07 02:38:59 INFO  [main] PayPilotApplication - Starting PayPilotApplication using Java 17.0.12 with PID 12688 (C:\Users\azureuser\eclipse-workspace\Paypilot1\target\classes started by azureuser in C:\Users\azureuser\eclipse-workspace\Paypilot1)
2026-10-07 02:38:59 INFO  [main] PayPilotApplication - No active profile set, falling back to 1 default profile: "default"
2026-10-07 02:39:04 INFO  [main] UserService - UserService initialized
2026-10-07 02:39:04 INFO  [main] UserController - UserController initialized
2026-10-07 02:40:40 INFO  [main] PayPilotApplication - Starting PayPilotApplication using Java 17.0.12 with PID 10628 (C:\Users\azureuser\eclipse-workspace\Paypilot1\target\classes started by azureuser in C:\Users\azureuser\eclipse-workspace\Paypilot1)
2026-10-07 02:40:40 INFO  [main] PayPilotApplication - No active profile set, falling back to 1 default profile: "default"
2026-10-07 02:41:05 INFO  [main] PayPilotApplication - Starting PayPilotApplication using Java 17.0.12 with PID 7864 (C:\Users\azureuser\eclipse-workspace\Paypilot1\target\classes started by azureuser in C:\Users\azureuser\eclipse-workspace\Paypilot1)
2026-10-07 02:41:05 INFO  [main] PayPilotApplication - No active profile set, falling back to 1 default profile: "default"
2026-10-07 02:41:28 INFO  [main] PayPilotApplication - Starting PayPilotApplication using Java 17.0.12 with PID 13700 (C:\Users\azureuser\eclipse-workspace\Paypilot1\target\classes started by azureuser in C:\Users\azureuser\eclipse-workspace\Paypilot1)
2026-10-07 02:41:28 INFO  [main] PayPilotApplication - No active profile set, falling back to 1 default profile: "default"
2026-10-07 02:43:54 INFO  [main] PayPilotApplication - Starting PayPilotApplication using Java 17.0.12 with PID 12600 (C:\Users\azureuser\eclipse-workspace\Paypilot1\target\classes started by azureuser in C:\Users\azureuser\eclipse-workspace\Paypilot1)
2026-10-07 02:43:54 INFO  [main] PayPilotApplication - No active profile set, falling back to 1 default profile: "default"
2026-10-07 02:46:30 INFO  [main] PayPilotApplication - Starting PayPilotApplication using Java 17.0.12 with PID 10020 (C:\Users\azureuser\eclipse-workspace\Paypilot1\target\classes started by azureuser in C:\Users\azureuser\eclipse-workspace\Paypilot1)
2026-10-07 02:46:30 INFO  [main] PayPilotApplication - No active profile set, falling back to 1 default profile: "default"
2026-10-07 02:52:34 INFO  [main] PayPilotApplication - Starting PayPilotApplication using Java 17.0.12 with PID 11232 (C:\Users\azureuser\eclipse-workspace\Paypilot1\target\classes started by azureuser in C:\Users\azureuser\eclipse-workspace\Paypilot1)
2026-10-07 02:52:34 INFO  [main] PayPilotApplication - No active profile set, falling back to 1 default profile: "default"
2026-10-07 02:52:41 INFO  [main] UserService - UserService initialized
2026-10-07 02:52:41 INFO  [main] UserController - UserController initialized
2026-10-07 02:58:27 INFO  [main] PayPilotApplication - Starting PayPilotApplication using Java 17.0.12 with PID 2496 (C:\Users\azureuser\eclipse-workspace\Paypilot1\target\classes started by azureuser in C:\Users\azureuser\eclipse-workspace\Paypilot1)
2026-10-07 02:58:27 INFO  [main] PayPilotApplication - No active profile set, falling back to 1 default profile: "default"
2026-10-07 02:58:34 INFO  [main] UserService - UserService initialized
2026-10-07 02:58:34 INFO  [main] UserController - UserController initialized
2026-10-07 02:58:35 INFO  [main] PayPilotApplication - Started PayPilotApplication in 9.126 seconds (process running for 10.18)
2026-10-07 03:00:07 INFO  [http-nio-8081-exec-1] UserController - Registration API called for user: HARI1001
2026-10-07 03:00:07 INFO  [http-nio-8081-exec-1] UserService - Registration request received for user: HARI1001
2026-10-07 03:00:08 INFO  [http-nio-8081-exec-1] UserService - User registered successfully: HARI1001
2026-10-07 03:00:08 INFO  [http-nio-8081-exec-1] UserController - Registration successful for user: HARI1001
2026-10-07 03:00:31 INFO  [http-nio-8081-exec-2] UserController - Login API called for user: HARI1001
2026-10-07 03:00:31 INFO  [http-nio-8081-exec-2] UserService - Login request received for user: HARI1001
2026-10-07 03:00:31 INFO  [http-nio-8081-exec-2] UserService - Login successful for user: HARI1001
2026-10-07 03:00:31 INFO  [http-nio-8081-exec-2] UserController - Login successful for user: HARI1001
2026-10-07 03:00:47 INFO  [http-nio-8081-exec-3] UserController - Get user API called for: HARI1001
2026-10-07 03:00:47 INFO  [http-nio-8081-exec-3] UserService - Fetching user: HARI1001
2026-10-07 03:00:47 INFO  [http-nio-8081-exec-3] UserController - User found: HARI1001
2026-10-07 03:00:54 INFO  [http-nio-8081-exec-4] UserController - Get user API called for: HARI1001
2026-10-07 03:00:54 INFO  [http-nio-8081-exec-4] UserService - Fetching user: HARI1001
2026-10-07 03:00:54 INFO  [http-nio-8081-exec-4] UserController - User found: HARI1001
2026-10-07 03:01:55 INFO  [http-nio-8081-exec-6] UserController - Login API called for user: HARI1001
2026-10-07 03:01:55 INFO  [http-nio-8081-exec-6] UserService - Login request received for user: HARI1001
2026-10-07 03:01:55 INFO  [http-nio-8081-exec-6] UserService - Login successful for user: HARI1001
2026-10-07 03:01:55 INFO  [http-nio-8081-exec-6] UserController - Login successful for user: HARI1001
2026-10-07 03:02:11 INFO  [http-nio-8081-exec-7] UserController - Login API called for user: HARI1001
2026-10-07 03:02:11 INFO  [http-nio-8081-exec-7] UserService - Login request received for user: HARI1001
2026-10-07 03:02:11 WARN  [http-nio-8081-exec-7] UserService - Invalid password for user: HARI1001. Failed attempt: 1
2026-10-07 03:02:11 WARN  [http-nio-8081-exec-7] UserController - Login failed for user: HARI1001 - Invalid User ID or Password. Attempt 1 of 3
2026-10-07 03:02:22 INFO  [http-nio-8081-exec-8] UserController - Login API called for user: HARI1001
2026-10-07 03:02:22 INFO  [http-nio-8081-exec-8] UserService - Login request received for user: HARI1001
2026-10-07 03:02:22 WARN  [http-nio-8081-exec-8] UserService - Invalid password for user: HARI1001. Failed attempt: 2
2026-10-07 03:02:22 WARN  [http-nio-8081-exec-8] UserController - Login failed for user: HARI1001 - Invalid User ID or Password. Attempt 2 of 3
2026-10-07 03:02:23 INFO  [http-nio-8081-exec-9] UserController - Login API called for user: HARI1001
2026-10-07 03:02:23 INFO  [http-nio-8081-exec-9] UserService - Login request received for user: HARI1001
2026-10-07 03:02:23 WARN  [http-nio-8081-exec-9] UserService - Invalid password for user: HARI1001. Failed attempt: 3
2026-10-07 03:02:23 WARN  [http-nio-8081-exec-9] UserService - Account locked after 3 failed attempts: HARI1001
2026-10-07 03:02:23 WARN  [http-nio-8081-exec-9] UserController - Login failed for user: HARI1001 - Account locked after 3 failed login attempts
2026-10-07 03:02:27 INFO  [http-nio-8081-exec-10] UserController - Login API called for user: HARI1001
2026-10-07 03:02:27 INFO  [http-nio-8081-exec-10] UserService - Login request received for user: HARI1001
2026-10-07 03:02:27 WARN  [http-nio-8081-exec-10] UserService - Login attempt on locked account: HARI1001
2026-10-07 03:02:27 WARN  [http-nio-8081-exec-10] UserController - Login failed for user: HARI1001 - Account is locked. Please contact support.
2026-10-07 03:03:07 INFO  [http-nio-8081-exec-1] UserController - Login API called for user: HARI1001
2026-10-07 03:03:07 INFO  [http-nio-8081-exec-1] UserService - Login request received for user: HARI1001
2026-10-07 03:03:07 WARN  [http-nio-8081-exec-1] UserService - Login attempt on locked account: HARI1001
2026-10-07 03:03:07 WARN  [http-nio-8081-exec-1] UserController - Login failed for user: HARI1001 - Account is locked. Please contact support.
2026-10-07 04:00:05 INFO  [http-nio-8081-exec-2] UserController - Get user API called for: login
2026-10-07 04:00:05 INFO  [http-nio-8081-exec-2] UserService - Fetching user: login
2026-10-07 04:00:05 WARN  [http-nio-8081-exec-2] UserService - User not found: login
2026-10-07 04:00:05 WARN  [http-nio-8081-exec-2] UserController - User not found: login
2026-10-07 04:00:18 INFO  [http-nio-8081-exec-3] UserController - Login API called for user: HARI1001
2026-10-07 04:00:18 INFO  [http-nio-8081-exec-3] UserService - Login request received for user: HARI1001
2026-10-07 04:00:18 WARN  [http-nio-8081-exec-3] UserService - Login attempt on locked account: HARI1001
2026-10-07 04:00:18 WARN  [http-nio-8081-exec-3] UserController - Login failed for user: HARI1001 - Account is locked. Please contact support.
2026-10-07 04:03:39 INFO  [http-nio-8081-exec-4] UserController - Login API called for user: HARI1001
2026-10-07 04:03:39 INFO  [http-nio-8081-exec-4] UserService - Login request received for user: HARI1001
2026-10-07 04:03:39 WARN  [http-nio-8081-exec-4] UserService - Login attempt on locked account: HARI1001
2026-10-07 04:03:39 WARN  [http-nio-8081-exec-4] UserController - Login failed for user: HARI1001 - Account is locked. Please contact support.
2026-10-07 04:04:24 INFO  [http-nio-8081-exec-5] UserController - Login API called for user: HARI1001
2026-10-07 04:04:24 INFO  [http-nio-8081-exec-5] UserService - Login request received for user: HARI1001
2026-10-07 04:04:24 WARN  [http-nio-8081-exec-5] UserService - Login attempt on locked account: HARI1001
2026-10-07 04:04:24 WARN  [http-nio-8081-exec-5] UserController - Login failed for user: HARI1001 - Account is locked. Please contact support.
2026-10-07 04:29:05 INFO  [main] PayPilotApplication - Starting PayPilotApplication using Java 17.0.12 with PID 11276 (C:\Users\azureuser\eclipse-workspace\Paypilot1\target\classes started by azureuser in C:\Users\azureuser\eclipse-workspace\Paypilot1)
2026-10-07 04:29:05 INFO  [main] PayPilotApplication - No active profile set, falling back to 1 default profile: "default"
2026-10-07 04:29:10 INFO  [main] UserService - UserService initialized
2026-10-07 04:29:10 INFO  [main] UserController - UserController initialized
2026-10-07 04:29:10 INFO  [main] PayPilotApplication - Started PayPilotApplication in 5.447 seconds (process running for 6.367)
2026-10-07 04:29:10 INFO  [main] PayPilotApplication - ==============================
2026-10-07 04:29:10 INFO  [main] PayPilotApplication - PayPilot Application Started
2026-10-07 04:29:10 INFO  [main] PayPilotApplication - ==============================
2026-10-07 04:30:51 INFO  [http-nio-8081-exec-1] UserController - Registration request received
2026-10-07 04:30:51 INFO  [http-nio-8081-exec-1] UserService - Registration request received for user: HARI1002
2026-10-07 04:30:52 INFO  [http-nio-8081-exec-1] UserService - User registered successfully: HARI1002
2026-10-07 04:30:52 INFO  [http-nio-8081-exec-1] UserController - User registration successful
2026-10-07 04:32:13 INFO  [http-nio-8081-exec-3] UserController - Login request received
2026-10-07 04:32:13 INFO  [http-nio-8081-exec-3] UserService - Login request received for user: HARI1002
2026-10-07 04:32:13 INFO  [http-nio-8081-exec-3] UserService - Login successful for user: HARI1002
2026-10-07 04:32:13 INFO  [http-nio-8081-exec-3] UserController - Login successful
2026-10-07 05:04:52 INFO  [main] PayPilotApplication - Starting PayPilotApplication using Java 17.0.12 with PID 13308 (C:\Users\azureuser\eclipse-workspace\Paypilot1\target\classes started by azureuser in C:\Users\azureuser\eclipse-workspace\Paypilot1)
2026-10-07 05:04:52 INFO  [main] PayPilotApplication - No active profile set, falling back to 1 default profile: "default"
2026-10-07 05:04:56 INFO  [main] UserService - UserService initialized
2026-10-07 05:04:56 INFO  [main] UserController - UserController initialized
2026-10-07 05:05:33 INFO  [main] PayPilotApplication - Starting PayPilotApplication using Java 17.0.12 with PID 4468 (C:\Users\azureuser\eclipse-workspace\Paypilot1\target\classes started by azureuser in C:\Users\azureuser\eclipse-workspace\Paypilot1)
2026-10-07 05:05:33 INFO  [main] PayPilotApplication - No active profile set, falling back to 1 default profile: "default"
2026-10-07 05:05:37 INFO  [main] UserService - UserService initialized
2026-10-07 05:05:37 INFO  [main] UserController - UserController initialized
2026-10-07 05:05:37 INFO  [main] PayPilotApplication - Started PayPilotApplication in 5.026 seconds (process running for 5.847)
2026-10-07 05:05:37 INFO  [main] PayPilotApplication - ==============================
2026-10-07 05:05:37 INFO  [main] PayPilotApplication - PayPilot Application Started
2026-10-07 05:05:37 INFO  [main] PayPilotApplication - ==============================
2026-10-07 05:09:11 INFO  [http-nio-8081-exec-1] UserController - Registration request received
2026-10-07 05:09:11 INFO  [http-nio-8081-exec-1] UserService - Registration request received for user: HARI1002
2026-10-07 05:09:11 WARN  [http-nio-8081-exec-1] UserService - User ID already exists
2026-10-07 05:09:11 ERROR [http-nio-8081-exec-1] UserController - User registration failed: User ID already exists
2026-10-07 21:43:20 INFO  [main] PayPilotApplication - Starting PayPilotApplication using Java 17.0.12 with PID 7528 (C:\Users\azureuser\eclipse-workspace\Paypilot1\target\classes started by azureuser in C:\Users\azureuser\eclipse-workspace\Paypilot1)
2026-10-07 21:43:20 INFO  [main] PayPilotApplication - No active profile set, falling back to 1 default profile: "default"
2026-10-07 21:43:27 INFO  [main] UserService - UserService initialized
2026-10-07 21:43:27 INFO  [main] UserController - UserController initialized
2026-10-07 21:43:28 INFO  [main] PayPilotApplication - Started PayPilotApplication in 8.539 seconds (process running for 9.381)
2026-10-07 21:43:28 INFO  [main] PayPilotApplication - ==============================
2026-10-07 21:43:28 INFO  [main] PayPilotApplication - PayPilot Application Started
2026-10-07 21:43:28 INFO  [main] PayPilotApplication - ==============================
2026-10-07 21:44:04 INFO  [http-nio-8081-exec-1] UserController - Registration request received
2026-10-07 21:44:04 INFO  [http-nio-8081-exec-1] UserService - Registration request received for user: HARI1002
2026-10-07 21:44:04 WARN  [http-nio-8081-exec-1] UserService - User ID already exists
2026-10-07 21:44:04 ERROR [http-nio-8081-exec-1] UserController - User registration failed: User ID already exists
2026-10-07 21:44:44 INFO  [http-nio-8081-exec-2] UserController - Login request received
2026-10-07 21:44:44 INFO  [http-nio-8081-exec-2] UserService - Login request received for user: HARI1002
2026-10-07 21:44:44 INFO  [http-nio-8081-exec-2] UserService - Login successful for user: HARI1002
2026-10-07 21:44:44 INFO  [http-nio-8081-exec-2] UserController - Login successful
2026-10-07 21:45:10 INFO  [http-nio-8081-exec-3] UserService - Fetching user: HARI1002
2026-10-07 21:46:49 INFO  [http-nio-8081-exec-6] UserController - Login request received
2026-10-07 21:46:49 INFO  [http-nio-8081-exec-6] UserService - Login request received for user: HARI1002
2026-10-07 21:46:49 WARN  [http-nio-8081-exec-6] UserService - Invalid password. Failed attempt: 1
2026-10-07 21:46:49 ERROR [http-nio-8081-exec-6] UserController - Login failed: Invalid User ID or Password. Attempt 1 of 3
2026-10-07 21:51:23 INFO  [main] PayPilotApplication - Starting PayPilotApplication using Java 17.0.12 with PID 12796 (C:\Users\azureuser\eclipse-workspace\Paypilot1\target\classes started by azureuser in C:\Users\azureuser\eclipse-workspace\Paypilot1)
2026-10-07 21:51:23 INFO  [main] PayPilotApplication - No active profile set, falling back to 1 default profile: "default"
2026-10-07 21:51:30 INFO  [main] UserService - UserService initialized
2026-10-07 21:51:30 INFO  [main] UserController - UserController initialized
2026-10-07 21:51:31 INFO  [main] PayPilotApplication - Started PayPilotApplication in 8.876 seconds (process running for 9.895)
2026-10-07 21:51:31 INFO  [main] PayPilotApplication - ==============================
2026-10-07 21:51:31 INFO  [main] PayPilotApplication - PayPilot Application Started
2026-10-07 21:51:31 INFO  [main] PayPilotApplication - ==============================
2026-10-07 21:53:02 INFO  [http-nio-8081-exec-1] UserController - Forgot password request received for user: HARI1002
2026-10-07 21:53:02 INFO  [http-nio-8081-exec-1] UserService - Forgot password request received
2026-10-07 21:53:03 INFO  [http-nio-8081-exec-1] UserService - Password reset successful and account unlocked
2026-10-07 21:53:03 INFO  [http-nio-8081-exec-1] UserController - Password reset successful for user: HARI1002
2026-10-07 22:25:13 INFO  org.hibernate.validator.internal.util.Version - HV000001: Hibernate Validator 8.0.3.Final
2026-10-07 22:25:13 INFO  com.paypilot.PayPilotApplication - Starting PayPilotApplication using Java 17.0.12 with PID 12924 (C:\Users\azureuser\eclipse-workspace\Paypilot1\target\classes started by azureuser in C:\Users\azureuser\eclipse-workspace\Paypilot1)
2026-10-07 22:25:13 INFO  com.paypilot.PayPilotApplication - No active profile set, falling back to 1 default profile: "default"
2026-10-07 22:25:15 INFO  org.springframework.data.repository.config.RepositoryConfigurationDelegate - Bootstrapping Spring Data JPA repositories in DEFAULT mode.
2026-10-07 22:25:15 INFO  org.springframework.data.repository.config.RepositoryConfigurationDelegate - Finished Spring Data repository scanning in 85 ms. Found 2 JPA repository interfaces.
2026-10-07 22:25:16 INFO  org.springframework.boot.web.embedded.tomcat.TomcatWebServer - Tomcat initialized with port 8081 (http)
2026-10-07 22:25:16 INFO  org.apache.coyote.http11.Http11NioProtocol - Initializing ProtocolHandler ["http-nio-8081"]
2026-10-07 22:25:16 INFO  org.apache.catalina.core.StandardService - Starting service [Tomcat]
2026-10-07 22:25:16 INFO  org.apache.catalina.core.StandardEngine - Starting Servlet engine: [Apache Tomcat/10.1.55]
2026-10-07 22:25:16 INFO  org.apache.catalina.core.ContainerBase.[Tomcat].[localhost].[/] - Initializing Spring embedded WebApplicationContext
2026-10-07 22:25:16 INFO  org.springframework.boot.web.servlet.context.ServletWebServerApplicationContext - Root WebApplicationContext: initialization completed in 2770 ms
2026-10-07 22:25:17 INFO  org.hibernate.jpa.internal.util.LogHelper - HHH000204: Processing PersistenceUnitInfo [name: default]
2026-10-07 22:25:17 INFO  org.hibernate.Version - HHH000412: Hibernate ORM core version 6.6.53.Final
2026-10-07 22:25:17 INFO  org.hibernate.cache.internal.RegionFactoryInitiator - HHH000026: Second-level cache disabled
2026-10-07 22:25:17 INFO  org.springframework.orm.jpa.persistenceunit.SpringPersistenceUnitInfo - No LoadTimeWeaver setup: ignoring JPA class transformer
2026-10-07 22:25:17 INFO  com.zaxxer.hikari.HikariDataSource - HikariPool-1 - Starting...
2026-10-07 22:25:18 INFO  com.zaxxer.hikari.pool.HikariPool - HikariPool-1 - Added connection oracle.jdbc.driver.T4CConnection@69069866
2026-10-07 22:25:18 INFO  com.zaxxer.hikari.HikariDataSource - HikariPool-1 - Start completed.
2026-10-07 22:25:18 INFO  org.hibernate.orm.connections.pooling - HHH10001005: Database info:
	Database JDBC URL [Connecting through datasource 'HikariDataSource (HikariPool-1)']
	Database driver: undefined/unknown
	Database version: 11.2
	Autocommit mode: undefined/unknown
	Isolation level: undefined/unknown
	Minimum pool size: undefined/unknown
	Maximum pool size: undefined/unknown
2026-10-07 22:25:19 INFO  org.hibernate.engine.transaction.jta.platform.internal.JtaPlatformInitiator - HHH000489: No JTA platform available (set 'hibernate.transaction.jta.platform' to enable JTA platform integration)
2026-10-07 22:25:22 WARN  org.hibernate.tool.schema.internal.ExceptionHandlerLoggedImpl - GenerationTarget encountered exception accepting command : Error executing DDL "alter table paypilot_users add email varchar2(255 char) not null" via JDBC [ORA-01758: table must be empty to add mandatory (NOT NULL) column

https://docs.oracle.com/error-help/db/ora-01758/]
org.hibernate.tool.schema.spi.CommandAcceptanceException: Error executing DDL "alter table paypilot_users add email varchar2(255 char) not null" via JDBC [ORA-01758: table must be empty to add mandatory (NOT NULL) column

https://docs.oracle.com/error-help/db/ora-01758/]
	at org.hibernate.tool.schema.internal.exec.GenerationTargetToDatabase.accept(GenerationTargetToDatabase.java:94) ~[hibernate-core-6.6.53.Final.jar:6.6.53.Final]
	at org.hibernate.tool.schema.internal.AbstractSchemaMigrator.applySqlString(AbstractSchemaMigrator.java:576) ~[hibernate-core-6.6.53.Final.jar:6.6.53.Final]
	at org.hibernate.tool.schema.internal.AbstractSchemaMigrator.applySqlStrings(AbstractSchemaMigrator.java:516) ~[hibernate-core-6.6.53.Final.jar:6.6.53.Final]
	at org.hibernate.tool.schema.internal.AbstractSchemaMigrator.migrateTable(AbstractSchemaMigrator.java:334) ~[hibernate-core-6.6.53.Final.jar:6.6.53.Final]
	at org.hibernate.tool.schema.internal.GroupedSchemaMigratorImpl.performTablesMigration(GroupedSchemaMigratorImpl.java:84) ~[hibernate-core-6.6.53.Final.jar:6.6.53.Final]
	at org.hibernate.tool.schema.internal.AbstractSchemaMigrator.performMigration(AbstractSchemaMigrator.java:233) ~[hibernate-core-6.6.53.Final.jar:6.6.53.Final]
	at org.hibernate.tool.schema.internal.AbstractSchemaMigrator.doMigration(AbstractSchemaMigrator.java:112) ~[hibernate-core-6.6.53.Final.jar:6.6.53.Final]
	at org.hibernate.tool.schema.spi.SchemaManagementToolCoordinator.performDatabaseAction(SchemaManagementToolCoordinator.java:280) ~[hibernate-core-6.6.53.Final.jar:6.6.53.Final]
	at org.hibernate.tool.schema.spi.SchemaManagementToolCoordinator.lambda$process$5(SchemaManagementToolCoordinator.java:144) ~[hibernate-core-6.6.53.Final.jar:6.6.53.Final]
	at java.base/java.util.HashMap.forEach(HashMap.java:1421) ~[?:?]
	at org.hibernate.tool.schema.spi.SchemaManagementToolCoordinator.process(SchemaManagementToolCoordinator.java:141) ~[hibernate-core-6.6.53.Final.jar:6.6.53.Final]
	at org.hibernate.boot.internal.SessionFactoryObserverForSchemaExport.sessionFactoryCreated(SessionFactoryObserverForSchemaExport.java:37) ~[hibernate-core-6.6.53.Final.jar:6.6.53.Final]
	at org.hibernate.internal.SessionFactoryObserverChain.sessionFactoryCreated(SessionFactoryObserverChain.java:35) ~[hibernate-core-6.6.53.Final.jar:6.6.53.Final]
	at org.hibernate.internal.SessionFactoryImpl.<init>(SessionFactoryImpl.java:324) ~[hibernate-core-6.6.53.Final.jar:6.6.53.Final]
	at org.hibernate.boot.internal.SessionFactoryBuilderImpl.build(SessionFactoryBuilderImpl.java:463) ~[hibernate-core-6.6.53.Final.jar:6.6.53.Final]
	at org.hibernate.jpa.boot.internal.EntityManagerFactoryBuilderImpl.build(EntityManagerFactoryBuilderImpl.java:1517) ~[hibernate-core-6.6.53.Final.jar:6.6.53.Final]
	at org.springframework.orm.jpa.vendor.SpringHibernateJpaPersistenceProvider.createContainerEntityManagerFactory(SpringHibernateJpaPersistenceProvider.java:66) ~[spring-orm-6.2.19.jar:6.2.19]
	at org.springframework.orm.jpa.LocalContainerEntityManagerFactoryBean.createNativeEntityManagerFactory(LocalContainerEntityManagerFactoryBean.java:388) ~[spring-orm-6.2.19.jar:6.2.19]
	at org.springframework.orm.jpa.AbstractEntityManagerFactoryBean.buildNativeEntityManagerFactory(AbstractEntityManagerFactoryBean.java:419) ~[spring-orm-6.2.19.jar:6.2.19]
	at org.springframework.orm.jpa.AbstractEntityManagerFactoryBean.afterPropertiesSet(AbstractEntityManagerFactoryBean.java:400) ~[spring-orm-6.2.19.jar:6.2.19]
	at org.springframework.orm.jpa.LocalContainerEntityManagerFactoryBean.afterPropertiesSet(LocalContainerEntityManagerFactoryBean.java:364) ~[spring-orm-6.2.19.jar:6.2.19]
	at org.springframework.beans.factory.support.AbstractAutowireCapableBeanFactory.invokeInitMethods(AbstractAutowireCapableBeanFactory.java:1871) ~[spring-beans-6.2.19.jar:6.2.19]
	at org.springframework.beans.factory.support.AbstractAutowireCapableBeanFactory.initializeBean(AbstractAutowireCapableBeanFactory.java:1820) ~[spring-beans-6.2.19.jar:6.2.19]
	at org.springframework.beans.factory.support.AbstractAutowireCapableBeanFactory.doCreateBean(AbstractAutowireCapableBeanFactory.java:607) ~[spring-beans-6.2.19.jar:6.2.19]
	at org.springframework.beans.factory.support.AbstractAutowireCapableBeanFactory.createBean(AbstractAutowireCapableBeanFactory.java:529) ~[spring-beans-6.2.19.jar:6.2.19]
	at org.springframework.beans.factory.support.AbstractBeanFactory.lambda$doGetBean$0(AbstractBeanFactory.java:339) ~[spring-beans-6.2.19.jar:6.2.19]
	at org.springframework.beans.factory.support.DefaultSingletonBeanRegistry.getSingleton(DefaultSingletonBeanRegistry.java:373) [spring-beans-6.2.19.jar:6.2.19]
	at org.springframework.beans.factory.support.AbstractBeanFactory.doGetBean(AbstractBeanFactory.java:337) [spring-beans-6.2.19.jar:6.2.19]
	at org.springframework.beans.factory.support.AbstractBeanFactory.getBean(AbstractBeanFactory.java:207) [spring-beans-6.2.19.jar:6.2.19]
	at org.springframework.context.support.AbstractApplicationContext.finishBeanFactoryInitialization(AbstractApplicationContext.java:974) [spring-context-6.2.19.jar:6.2.19]
	at org.springframework.context.support.AbstractApplicationContext.refresh(AbstractApplicationContext.java:628) [spring-context-6.2.19.jar:6.2.19]
	at org.springframework.boot.web.servlet.context.ServletWebServerApplicationContext.refresh(ServletWebServerApplicationContext.java:146) [spring-boot-3.5.16.jar:3.5.16]
	at org.springframework.boot.SpringApplication.refresh(SpringApplication.java:752) [spring-boot-3.5.16.jar:3.5.16]
	at org.springframework.boot.SpringApplication.refreshContext(SpringApplication.java:439) [spring-boot-3.5.16.jar:3.5.16]
	at org.springframework.boot.SpringApplication.run(SpringApplication.java:318) [spring-boot-3.5.16.jar:3.5.16]
	at org.springframework.boot.SpringApplication.run(SpringApplication.java:1361) [spring-boot-3.5.16.jar:3.5.16]
	at org.springframework.boot.SpringApplication.run(SpringApplication.java:1350) [spring-boot-3.5.16.jar:3.5.16]
	at com.paypilot.PayPilotApplication.main(PayPilotApplication.java:17) [classes/:?]
Caused by: java.sql.SQLSyntaxErrorException: ORA-01758: table must be empty to add mandatory (NOT NULL) column

https://docs.oracle.com/error-help/db/ora-01758/
	at oracle.jdbc.driver.T4CTTIoer11.processError(T4CTTIoer11.java:715) ~[ojdbc11-23.7.0.25.01.jar:23.7.0.25.01]
	at oracle.jdbc.driver.T4CTTIoer11.processError(T4CTTIoer11.java:615) ~[ojdbc11-23.7.0.25.01.jar:23.7.0.25.01]
	at oracle.jdbc.driver.T4C8Oall.processError(T4C8Oall.java:1372) ~[ojdbc11-23.7.0.25.01.jar:23.7.0.25.01]
	at oracle.jdbc.driver.T4CTTIfun.receive(T4CTTIfun.java:969) ~[ojdbc11-23.7.0.25.01.jar:23.7.0.25.01]
	at oracle.jdbc.driver.T4CTTIfun.doRPC(T4CTTIfun.java:237) ~[ojdbc11-23.7.0.25.01.jar:23.7.0.25.01]
	at oracle.jdbc.driver.T4C8Oall.doOALL(T4C8Oall.java:524) ~[ojdbc11-23.7.0.25.01.jar:23.7.0.25.01]
	at oracle.jdbc.driver.T4CStatement.doOall8(T4CStatement.java:192) ~[ojdbc11-23.7.0.25.01.jar:23.7.0.25.01]
	at oracle.jdbc.driver.T4CStatement.executeForRows(T4CStatement.java:1401) ~[ojdbc11-23.7.0.25.01.jar:23.7.0.25.01]
	at oracle.jdbc.driver.OracleStatement.executeSQLStatement(OracleStatement.java:2009) ~[ojdbc11-23.7.0.25.01.jar:23.7.0.25.01]
	at oracle.jdbc.driver.OracleStatement.doExecuteWithTimeout(OracleStatement.java:1622) ~[ojdbc11-23.7.0.25.01.jar:23.7.0.25.01]
	at oracle.jdbc.driver.OracleStatement.executeInternal(OracleStatement.java:2687) ~[ojdbc11-23.7.0.25.01.jar:23.7.0.25.01]
	at oracle.jdbc.driver.OracleStatement.execute(OracleStatement.java:2636) ~[ojdbc11-23.7.0.25.01.jar:23.7.0.25.01]
	at oracle.jdbc.driver.OracleStatementWrapper.execute(OracleStatementWrapper.java:337) ~[ojdbc11-23.7.0.25.01.jar:23.7.0.25.01]
	at com.zaxxer.hikari.pool.ProxyStatement.execute(ProxyStatement.java:95) ~[HikariCP-6.3.3.jar:?]
	at com.zaxxer.hikari.pool.HikariProxyStatement.execute(HikariProxyStatement.java) ~[HikariCP-6.3.3.jar:?]
	at org.hibernate.tool.schema.internal.exec.GenerationTargetToDatabase.accept(GenerationTargetToDatabase.java:80) ~[hibernate-core-6.6.53.Final.jar:6.6.53.Final]
	... 37 more
Caused by: oracle.jdbc.OracleDatabaseException: ORA-01758: table must be empty to add mandatory (NOT NULL) column

	at oracle.jdbc.driver.T4CTTIoer11.processError(T4CTTIoer11.java:723) ~[ojdbc11-23.7.0.25.01.jar:23.7.0.25.01]
	at oracle.jdbc.driver.T4CTTIoer11.processError(T4CTTIoer11.java:615) ~[ojdbc11-23.7.0.25.01.jar:23.7.0.25.01]
	at oracle.jdbc.driver.T4C8Oall.processError(T4C8Oall.java:1372) ~[ojdbc11-23.7.0.25.01.jar:23.7.0.25.01]
	at oracle.jdbc.driver.T4CTTIfun.receive(T4CTTIfun.java:969) ~[ojdbc11-23.7.0.25.01.jar:23.7.0.25.01]
	at oracle.jdbc.driver.T4CTTIfun.doRPC(T4CTTIfun.java:237) ~[ojdbc11-23.7.0.25.01.jar:23.7.0.25.01]
	at oracle.jdbc.driver.T4C8Oall.doOALL(T4C8Oall.java:524) ~[ojdbc11-23.7.0.25.01.jar:23.7.0.25.01]
	at oracle.jdbc.driver.T4CStatement.doOall8(T4CStatement.java:192) ~[ojdbc11-23.7.0.25.01.jar:23.7.0.25.01]
	at oracle.jdbc.driver.T4CStatement.executeForRows(T4CStatement.java:1401) ~[ojdbc11-23.7.0.25.01.jar:23.7.0.25.01]
	at oracle.jdbc.driver.OracleStatement.executeSQLStatement(OracleStatement.java:2009) ~[ojdbc11-23.7.0.25.01.jar:23.7.0.25.01]
	at oracle.jdbc.driver.OracleStatement.doExecuteWithTimeout(OracleStatement.java:1622) ~[ojdbc11-23.7.0.25.01.jar:23.7.0.25.01]
	at oracle.jdbc.driver.OracleStatement.executeInternal(OracleStatement.java:2687) ~[ojdbc11-23.7.0.25.01.jar:23.7.0.25.01]
	at oracle.jdbc.driver.OracleStatement.execute(OracleStatement.java:2636) ~[ojdbc11-23.7.0.25.01.jar:23.7.0.25.01]
	at oracle.jdbc.driver.OracleStatementWrapper.execute(OracleStatementWrapper.java:337) ~[ojdbc11-23.7.0.25.01.jar:23.7.0.25.01]
	at com.zaxxer.hikari.pool.ProxyStatement.execute(ProxyStatement.java:95) ~[HikariCP-6.3.3.jar:?]
	at com.zaxxer.hikari.pool.HikariProxyStatement.execute(HikariProxyStatement.java) ~[HikariCP-6.3.3.jar:?]
	at org.hibernate.tool.schema.internal.exec.GenerationTargetToDatabase.accept(GenerationTargetToDatabase.java:80) ~[hibernate-core-6.6.53.Final.jar:6.6.53.Final]
	... 37 more
2026-10-07 22:25:22 WARN  org.hibernate.tool.schema.internal.ExceptionHandlerLoggedImpl - GenerationTarget encountered exception accepting command : Error executing DDL "alter table paypilot_users add email_verified number(1,0) not null check (email_verified in (0,1))" via JDBC [ORA-01758: table must be empty to add mandatory (NOT NULL) column

https://docs.oracle.com/error-help/db/ora-01758/]
org.hibernate.tool.schema.spi.CommandAcceptanceException: Error executing DDL "alter table paypilot_users add email_verified number(1,0) not null check (email_verified in (0,1))" via JDBC [ORA-01758: table must be empty to add mandatory (NOT NULL) column

https://docs.oracle.com/error-help/db/ora-01758/]
	at org.hibernate.tool.schema.internal.exec.GenerationTargetToDatabase.accept(GenerationTargetToDatabase.java:94) ~[hibernate-core-6.6.53.Final.jar:6.6.53.Final]
	at org.hibernate.tool.schema.internal.AbstractSchemaMigrator.applySqlString(AbstractSchemaMigrator.java:576) ~[hibernate-core-6.6.53.Final.jar:6.6.53.Final]
	at org.hibernate.tool.schema.internal.AbstractSchemaMigrator.applySqlStrings(AbstractSchemaMigrator.java:516) ~[hibernate-core-6.6.53.Final.jar:6.6.53.Final]
	at org.hibernate.tool.schema.internal.AbstractSchemaMigrator.migrateTable(AbstractSchemaMigrator.java:334) ~[hibernate-core-6.6.53.Final.jar:6.6.53.Final]
	at org.hibernate.tool.schema.internal.GroupedSchemaMigratorImpl.performTablesMigration(GroupedSchemaMigratorImpl.java:84) ~[hibernate-core-6.6.53.Final.jar:6.6.53.Final]
	at org.hibernate.tool.schema.internal.AbstractSchemaMigrator.performMigration(AbstractSchemaMigrator.java:233) ~[hibernate-core-6.6.53.Final.jar:6.6.53.Final]
	at org.hibernate.tool.schema.internal.AbstractSchemaMigrator.doMigration(AbstractSchemaMigrator.java:112) ~[hibernate-core-6.6.53.Final.jar:6.6.53.Final]
	at org.hibernate.tool.schema.spi.SchemaManagementToolCoordinator.performDatabaseAction(SchemaManagementToolCoordinator.java:280) ~[hibernate-core-6.6.53.Final.jar:6.6.53.Final]
	at org.hibernate.tool.schema.spi.SchemaManagementToolCoordinator.lambda$process$5(SchemaManagementToolCoordinator.java:144) ~[hibernate-core-6.6.53.Final.jar:6.6.53.Final]
	at java.base/java.util.HashMap.forEach(HashMap.java:1421) ~[?:?]
	at org.hibernate.tool.schema.spi.SchemaManagementToolCoordinator.process(SchemaManagementToolCoordinator.java:141) ~[hibernate-core-6.6.53.Final.jar:6.6.53.Final]
	at org.hibernate.boot.internal.SessionFactoryObserverForSchemaExport.sessionFactoryCreated(SessionFactoryObserverForSchemaExport.java:37) ~[hibernate-core-6.6.53.Final.jar:6.6.53.Final]
	at org.hibernate.internal.SessionFactoryObserverChain.sessionFactoryCreated(SessionFactoryObserverChain.java:35) ~[hibernate-core-6.6.53.Final.jar:6.6.53.Final]
	at org.hibernate.internal.SessionFactoryImpl.<init>(SessionFactoryImpl.java:324) ~[hibernate-core-6.6.53.Final.jar:6.6.53.Final]
	at org.hibernate.boot.internal.SessionFactoryBuilderImpl.build(SessionFactoryBuilderImpl.java:463) ~[hibernate-core-6.6.53.Final.jar:6.6.53.Final]
	at org.hibernate.jpa.boot.internal.EntityManagerFactoryBuilderImpl.build(EntityManagerFactoryBuilderImpl.java:1517) ~[hibernate-core-6.6.53.Final.jar:6.6.53.Final]
	at org.springframework.orm.jpa.vendor.SpringHibernateJpaPersistenceProvider.createContainerEntityManagerFactory(SpringHibernateJpaPersistenceProvider.java:66) ~[spring-orm-6.2.19.jar:6.2.19]
	at org.springframework.orm.jpa.LocalContainerEntityManagerFactoryBean.createNativeEntityManagerFactory(LocalContainerEntityManagerFactoryBean.java:388) ~[spring-orm-6.2.19.jar:6.2.19]
	at org.springframework.orm.jpa.AbstractEntityManagerFactoryBean.buildNativeEntityManagerFactory(AbstractEntityManagerFactoryBean.java:419) ~[spring-orm-6.2.19.jar:6.2.19]
	at org.springframework.orm.jpa.AbstractEntityManagerFactoryBean.afterPropertiesSet(AbstractEntityManagerFactoryBean.java:400) ~[spring-orm-6.2.19.jar:6.2.19]
	at org.springframework.orm.jpa.LocalContainerEntityManagerFactoryBean.afterPropertiesSet(LocalContainerEntityManagerFactoryBean.java:364) ~[spring-orm-6.2.19.jar:6.2.19]
	at org.springframework.beans.factory.support.AbstractAutowireCapableBeanFactory.invokeInitMethods(AbstractAutowireCapableBeanFactory.java:1871) ~[spring-beans-6.2.19.jar:6.2.19]
	at org.springframework.beans.factory.support.AbstractAutowireCapableBeanFactory.initializeBean(AbstractAutowireCapableBeanFactory.java:1820) ~[spring-beans-6.2.19.jar:6.2.19]
	at org.springframework.beans.factory.support.AbstractAutowireCapableBeanFactory.doCreateBean(AbstractAutowireCapableBeanFactory.java:607) ~[spring-beans-6.2.19.jar:6.2.19]
	at org.springframework.beans.factory.support.AbstractAutowireCapableBeanFactory.createBean(AbstractAutowireCapableBeanFactory.java:529) ~[spring-beans-6.2.19.jar:6.2.19]
	at org.springframework.beans.factory.support.AbstractBeanFactory.lambda$doGetBean$0(AbstractBeanFactory.java:339) ~[spring-beans-6.2.19.jar:6.2.19]
	at org.springframework.beans.factory.support.DefaultSingletonBeanRegistry.getSingleton(DefaultSingletonBeanRegistry.java:373) [spring-beans-6.2.19.jar:6.2.19]
	at org.springframework.beans.factory.support.AbstractBeanFactory.doGetBean(AbstractBeanFactory.java:337) [spring-beans-6.2.19.jar:6.2.19]
	at org.springframework.beans.factory.support.AbstractBeanFactory.getBean(AbstractBeanFactory.java:207) [spring-beans-6.2.19.jar:6.2.19]
	at org.springframework.context.support.AbstractApplicationContext.finishBeanFactoryInitialization(AbstractApplicationContext.java:974) [spring-context-6.2.19.jar:6.2.19]
	at org.springframework.context.support.AbstractApplicationContext.refresh(AbstractApplicationContext.java:628) [spring-context-6.2.19.jar:6.2.19]
	at org.springframework.boot.web.servlet.context.ServletWebServerApplicationContext.refresh(ServletWebServerApplicationContext.java:146) [spring-boot-3.5.16.jar:3.5.16]
	at org.springframework.boot.SpringApplication.refresh(SpringApplication.java:752) [spring-boot-3.5.16.jar:3.5.16]
	at org.springframework.boot.SpringApplication.refreshContext(SpringApplication.java:439) [spring-boot-3.5.16.jar:3.5.16]
	at org.springframework.boot.SpringApplication.run(SpringApplication.java:318) [spring-boot-3.5.16.jar:3.5.16]
	at org.springframework.boot.SpringApplication.run(SpringApplication.java:1361) [spring-boot-3.5.16.jar:3.5.16]
	at org.springframework.boot.SpringApplication.run(SpringApplication.java:1350) [spring-boot-3.5.16.jar:3.5.16]
	at com.paypilot.PayPilotApplication.main(PayPilotApplication.java:17) [classes/:?]
Caused by: java.sql.SQLSyntaxErrorException: ORA-01758: table must be empty to add mandatory (NOT NULL) column

https://docs.oracle.com/error-help/db/ora-01758/
	at oracle.jdbc.driver.T4CTTIoer11.processError(T4CTTIoer11.java:715) ~[ojdbc11-23.7.0.25.01.jar:23.7.0.25.01]
	at oracle.jdbc.driver.T4CTTIoer11.processError(T4CTTIoer11.java:615) ~[ojdbc11-23.7.0.25.01.jar:23.7.0.25.01]
	at oracle.jdbc.driver.T4C8Oall.processError(T4C8Oall.java:1372) ~[ojdbc11-23.7.0.25.01.jar:23.7.0.25.01]
	at oracle.jdbc.driver.T4CTTIfun.receive(T4CTTIfun.java:969) ~[ojdbc11-23.7.0.25.01.jar:23.7.0.25.01]
	at oracle.jdbc.driver.T4CTTIfun.doRPC(T4CTTIfun.java:237) ~[ojdbc11-23.7.0.25.01.jar:23.7.0.25.01]
	at oracle.jdbc.driver.T4C8Oall.doOALL(T4C8Oall.java:524) ~[ojdbc11-23.7.0.25.01.jar:23.7.0.25.01]
	at oracle.jdbc.driver.T4CStatement.doOall8(T4CStatement.java:192) ~[ojdbc11-23.7.0.25.01.jar:23.7.0.25.01]
	at oracle.jdbc.driver.T4CStatement.executeForRows(T4CStatement.java:1401) ~[ojdbc11-23.7.0.25.01.jar:23.7.0.25.01]
	at oracle.jdbc.driver.OracleStatement.executeSQLStatement(OracleStatement.java:2009) ~[ojdbc11-23.7.0.25.01.jar:23.7.0.25.01]
	at oracle.jdbc.driver.OracleStatement.doExecuteWithTimeout(OracleStatement.java:1622) ~[ojdbc11-23.7.0.25.01.jar:23.7.0.25.01]
	at oracle.jdbc.driver.OracleStatement.executeInternal(OracleStatement.java:2687) ~[ojdbc11-23.7.0.25.01.jar:23.7.0.25.01]
	at oracle.jdbc.driver.OracleStatement.execute(OracleStatement.java:2636) ~[ojdbc11-23.7.0.25.01.jar:23.7.0.25.01]
	at oracle.jdbc.driver.OracleStatementWrapper.execute(OracleStatementWrapper.java:337) ~[ojdbc11-23.7.0.25.01.jar:23.7.0.25.01]
	at com.zaxxer.hikari.pool.ProxyStatement.execute(ProxyStatement.java:95) ~[HikariCP-6.3.3.jar:?]
	at com.zaxxer.hikari.pool.HikariProxyStatement.execute(HikariProxyStatement.java) ~[HikariCP-6.3.3.jar:?]
	at org.hibernate.tool.schema.internal.exec.GenerationTargetToDatabase.accept(GenerationTargetToDatabase.java:80) ~[hibernate-core-6.6.53.Final.jar:6.6.53.Final]
	... 37 more
Caused by: oracle.jdbc.OracleDatabaseException: ORA-01758: table must be empty to add mandatory (NOT NULL) column

	at oracle.jdbc.driver.T4CTTIoer11.processError(T4CTTIoer11.java:723) ~[ojdbc11-23.7.0.25.01.jar:23.7.0.25.01]
	at oracle.jdbc.driver.T4CTTIoer11.processError(T4CTTIoer11.java:615) ~[ojdbc11-23.7.0.25.01.jar:23.7.0.25.01]
	at oracle.jdbc.driver.T4C8Oall.processError(T4C8Oall.java:1372) ~[ojdbc11-23.7.0.25.01.jar:23.7.0.25.01]
	at oracle.jdbc.driver.T4CTTIfun.receive(T4CTTIfun.java:969) ~[ojdbc11-23.7.0.25.01.jar:23.7.0.25.01]
	at oracle.jdbc.driver.T4CTTIfun.doRPC(T4CTTIfun.java:237) ~[ojdbc11-23.7.0.25.01.jar:23.7.0.25.01]
	at oracle.jdbc.driver.T4C8Oall.doOALL(T4C8Oall.java:524) ~[ojdbc11-23.7.0.25.01.jar:23.7.0.25.01]
	at oracle.jdbc.driver.T4CStatement.doOall8(T4CStatement.java:192) ~[ojdbc11-23.7.0.25.01.jar:23.7.0.25.01]
	at oracle.jdbc.driver.T4CStatement.executeForRows(T4CStatement.java:1401) ~[ojdbc11-23.7.0.25.01.jar:23.7.0.25.01]
	at oracle.jdbc.driver.OracleStatement.executeSQLStatement(OracleStatement.java:2009) ~[ojdbc11-23.7.0.25.01.jar:23.7.0.25.01]
	at oracle.jdbc.driver.OracleStatement.doExecuteWithTimeout(OracleStatement.java:1622) ~[ojdbc11-23.7.0.25.01.jar:23.7.0.25.01]
	at oracle.jdbc.driver.OracleStatement.executeInternal(OracleStatement.java:2687) ~[ojdbc11-23.7.0.25.01.jar:23.7.0.25.01]
	at oracle.jdbc.driver.OracleStatement.execute(OracleStatement.java:2636) ~[ojdbc11-23.7.0.25.01.jar:23.7.0.25.01]
	at oracle.jdbc.driver.OracleStatementWrapper.execute(OracleStatementWrapper.java:337) ~[ojdbc11-23.7.0.25.01.jar:23.7.0.25.01]
	at com.zaxxer.hikari.pool.ProxyStatement.execute(ProxyStatement.java:95) ~[HikariCP-6.3.3.jar:?]
	at com.zaxxer.hikari.pool.HikariProxyStatement.execute(HikariProxyStatement.java) ~[HikariCP-6.3.3.jar:?]
	at org.hibernate.tool.schema.internal.exec.GenerationTargetToDatabase.accept(GenerationTargetToDatabase.java:80) ~[hibernate-core-6.6.53.Final.jar:6.6.53.Final]
	... 37 more
2026-10-07 22:25:22 INFO  org.springframework.orm.jpa.LocalContainerEntityManagerFactoryBean - Initialized JPA EntityManagerFactory for persistence unit 'default'
2026-10-07 22:25:23 INFO  com.paypilot.service.UserService - UserService initialized
2026-10-07 22:25:23 INFO  com.paypilot.controller.UserController - UserController initialized
2026-10-07 22:25:23 WARN  org.springframework.boot.autoconfigure.orm.jpa.JpaBaseConfiguration$JpaWebConfiguration - spring.jpa.open-in-view is enabled by default. Therefore, database queries may be performed during view rendering. Explicitly configure spring.jpa.open-in-view to disable this warning
2026-10-07 22:25:23 INFO  org.apache.coyote.http11.Http11NioProtocol - Starting ProtocolHandler ["http-nio-8081"]
2026-10-07 22:25:23 INFO  org.springframework.boot.web.embedded.tomcat.TomcatWebServer - Tomcat started on port 8081 (http) with context path '/'
2026-10-07 22:25:23 INFO  com.paypilot.PayPilotApplication - Started PayPilotApplication in 11.19 seconds (process running for 12.315)
2026-10-07 22:25:23 INFO  com.paypilot.PayPilotApplication - ==============================
2026-10-07 22:25:23 INFO  com.paypilot.PayPilotApplication - PayPilot Application Started
2026-10-07 22:25:23 INFO  com.paypilot.PayPilotApplication - ==============================
2026-10-07 22:27:15 INFO  org.apache.catalina.core.ContainerBase.[Tomcat].[localhost].[/] - Initializing Spring DispatcherServlet 'dispatcherServlet'
2026-10-07 22:27:15 INFO  org.springframework.web.servlet.DispatcherServlet - Initializing Servlet 'dispatcherServlet'
2026-10-07 22:27:15 INFO  org.springframework.web.servlet.DispatcherServlet - Completed initialization in 7 ms
2026-10-07 22:27:15 INFO  com.paypilot.service.UserService - Registration request received for user: HARI2001
2026-10-07 22:27:16 WARN  org.hibernate.engine.jdbc.spi.SqlExceptionHelper - SQL Error: 904, SQLState: 42000
2026-10-07 22:27:16 ERROR org.hibernate.engine.jdbc.spi.SqlExceptionHelper - ORA-00904: "U1_0"."EMAIL": invalid identifier

https://docs.oracle.com/error-help/db/ora-00904/
2026-10-07 22:27:16 ERROR com.paypilot.controller.UserController - Registration failed: JDBC exception executing SQL [select * from (select u1_0.id c0,rownum rn from paypilot_users u1_0 where u1_0.email=?) r_0_ where r_0_.rn<=? order by r_0_.rn] [ORA-00904: "U1_0"."EMAIL": invalid identifier

https://docs.oracle.com/error-help/db/ora-00904/] [n/a]; SQL [n/a]
2026-10-07 22:29:28 INFO  com.paypilot.service.UserService - Registration request received for user: HARI2002
2026-10-07 22:29:28 WARN  org.hibernate.engine.jdbc.spi.SqlExceptionHelper - SQL Error: 904, SQLState: 42000
2026-10-07 22:29:28 ERROR org.hibernate.engine.jdbc.spi.SqlExceptionHelper - ORA-00904: "U1_0"."EMAIL": invalid identifier

https://docs.oracle.com/error-help/db/ora-00904/
2026-10-07 22:29:28 ERROR com.paypilot.controller.UserController - Registration failed: JDBC exception executing SQL [select * from (select u1_0.id c0,rownum rn from paypilot_users u1_0 where u1_0.email=?) r_0_ where r_0_.rn<=? order by r_0_.rn] [ORA-00904: "U1_0"."EMAIL": invalid identifier

https://docs.oracle.com/error-help/db/ora-00904/] [n/a]; SQL [n/a]
2026-10-07 22:33:30 INFO  org.hibernate.validator.internal.util.Version - HV000001: Hibernate Validator 8.0.3.Final
2026-10-07 22:33:30 INFO  com.paypilot.PayPilotApplication - Starting PayPilotApplication using Java 17.0.12 with PID 6864 (C:\Users\azureuser\eclipse-workspace\Paypilot1\target\classes started by azureuser in C:\Users\azureuser\eclipse-workspace\Paypilot1)
2026-10-07 22:33:30 INFO  com.paypilot.PayPilotApplication - No active profile set, falling back to 1 default profile: "default"
2026-10-07 22:33:31 INFO  org.springframework.data.repository.config.RepositoryConfigurationDelegate - Bootstrapping Spring Data JPA repositories in DEFAULT mode.
2026-10-07 22:33:31 INFO  org.springframework.data.repository.config.RepositoryConfigurationDelegate - Finished Spring Data repository scanning in 54 ms. Found 2 JPA repository interfaces.
2026-10-07 22:33:31 INFO  org.springframework.boot.web.embedded.tomcat.TomcatWebServer - Tomcat initialized with port 8081 (http)
2026-10-07 22:33:31 INFO  org.apache.coyote.http11.Http11NioProtocol - Initializing ProtocolHandler ["http-nio-8081"]
2026-10-07 22:33:31 INFO  org.apache.catalina.core.StandardService - Starting service [Tomcat]
2026-10-07 22:33:31 INFO  org.apache.catalina.core.StandardEngine - Starting Servlet engine: [Apache Tomcat/10.1.55]
2026-10-07 22:33:32 INFO  org.apache.catalina.core.ContainerBase.[Tomcat].[localhost].[/] - Initializing Spring embedded WebApplicationContext
2026-10-07 22:33:32 INFO  org.springframework.boot.web.servlet.context.ServletWebServerApplicationContext - Root WebApplicationContext: initialization completed in 1373 ms
2026-10-07 22:33:32 INFO  org.hibernate.jpa.internal.util.LogHelper - HHH000204: Processing PersistenceUnitInfo [name: default]
2026-10-07 22:33:32 INFO  org.hibernate.Version - HHH000412: Hibernate ORM core version 6.6.53.Final
2026-10-07 22:33:32 INFO  org.hibernate.cache.internal.RegionFactoryInitiator - HHH000026: Second-level cache disabled
2026-10-07 22:33:32 INFO  org.springframework.orm.jpa.persistenceunit.SpringPersistenceUnitInfo - No LoadTimeWeaver setup: ignoring JPA class transformer
2026-10-07 22:33:32 INFO  com.zaxxer.hikari.HikariDataSource - HikariPool-1 - Starting...
2026-10-07 22:33:32 INFO  com.zaxxer.hikari.pool.HikariPool - HikariPool-1 - Added connection oracle.jdbc.driver.T4CConnection@1e477944
2026-10-07 22:33:32 INFO  com.zaxxer.hikari.HikariDataSource - HikariPool-1 - Start completed.
2026-10-07 22:33:33 INFO  org.hibernate.orm.connections.pooling - HHH10001005: Database info:
	Database JDBC URL [Connecting through datasource 'HikariDataSource (HikariPool-1)']
	Database driver: undefined/unknown
	Database version: 11.2
	Autocommit mode: undefined/unknown
	Isolation level: undefined/unknown
	Minimum pool size: undefined/unknown
	Maximum pool size: undefined/unknown
2026-10-07 22:33:34 INFO  org.hibernate.engine.transaction.jta.platform.internal.JtaPlatformInitiator - HHH000489: No JTA platform available (set 'hibernate.transaction.jta.platform' to enable JTA platform integration)
2026-10-07 22:33:34 INFO  org.springframework.orm.jpa.LocalContainerEntityManagerFactoryBean - Initialized JPA EntityManagerFactory for persistence unit 'default'
2026-10-07 22:33:35 INFO  com.paypilot.service.UserService - UserService initialized
2026-10-07 22:33:35 INFO  com.paypilot.controller.UserController - UserController initialized
2026-10-07 22:33:35 WARN  org.springframework.boot.autoconfigure.orm.jpa.JpaBaseConfiguration$JpaWebConfiguration - spring.jpa.open-in-view is enabled by default. Therefore, database queries may be performed during view rendering. Explicitly configure spring.jpa.open-in-view to disable this warning
2026-10-07 22:33:35 INFO  org.apache.coyote.http11.Http11NioProtocol - Starting ProtocolHandler ["http-nio-8081"]
2026-10-07 22:33:35 INFO  org.springframework.boot.web.embedded.tomcat.TomcatWebServer - Tomcat started on port 8081 (http) with context path '/'
2026-10-07 22:33:35 INFO  com.paypilot.PayPilotApplication - Started PayPilotApplication in 5.732 seconds (process running for 6.622)
2026-10-07 22:33:35 INFO  com.paypilot.PayPilotApplication - ==============================
2026-10-07 22:33:35 INFO  com.paypilot.PayPilotApplication - PayPilot Application Started
2026-10-07 22:33:35 INFO  com.paypilot.PayPilotApplication - ==============================
2026-10-07 22:34:33 INFO  org.apache.catalina.core.ContainerBase.[Tomcat].[localhost].[/] - Initializing Spring DispatcherServlet 'dispatcherServlet'
2026-10-07 22:34:33 INFO  org.springframework.web.servlet.DispatcherServlet - Initializing Servlet 'dispatcherServlet'
2026-10-07 22:34:33 INFO  org.springframework.web.servlet.DispatcherServlet - Completed initialization in 2 ms
2026-10-07 22:34:33 INFO  com.paypilot.service.UserService - Registration request received for user: HARI2002
2026-10-07 22:34:40 INFO  com.paypilot.service.UserService - User registered and OTP sent: HARI2002
2026-10-07 22:55:54 INFO  com.paypilot.service.UserService - Registration request received for user: HARI2002
2026-10-07 22:55:54 ERROR com.paypilot.controller.UserController - Registration failed: User ID already exists
2026-10-07 22:56:14 INFO  com.paypilot.service.UserService - Registration request received for user: HARI2003
2026-10-07 22:56:14 ERROR com.paypilot.controller.UserController - Registration failed: Email already registered
2026-10-07 23:00:13 INFO  com.paypilot.service.UserService - Registration request received for user: HARI2002
2026-10-07 23:00:13 ERROR com.paypilot.controller.UserController - Registration failed: User ID already exists
2026-10-07 23:06:54 INFO  com.paypilot.service.UserService - Login request received for user: HARI2002
2026-10-07 23:06:54 ERROR com.paypilot.controller.UserController - Login failed: Please verify your email using OTP
2026-10-07 23:09:57 WARN  org.springframework.web.servlet.mvc.support.DefaultHandlerExceptionResolver - Resolved [org.springframework.http.converter.HttpMessageNotReadableException: JSON parse error: Unexpected character ('"' (code 34)): was expecting comma to separate Object entries]
2026-10-07 23:12:28 INFO  com.paypilot.service.UserService - Registration request received for user: HARI2003
2026-10-07 23:12:32 INFO  com.paypilot.service.UserService - User registered and OTP sent: HARI2003
2026-10-07 23:13:51 INFO  com.paypilot.service.UserService - Registration OTP verified for: gummahari888@gmail.com
2026-10-07 23:25:02 INFO  org.hibernate.validator.internal.util.Version - HV000001: Hibernate Validator 8.0.3.Final
2026-10-07 23:25:02 INFO  com.paypilot.PayPilotApplication - Starting PayPilotApplication using Java 17.0.12 with PID 5388 (C:\Users\azureuser\eclipse-workspace\Paypilot1\target\classes started by azureuser in C:\Users\azureuser\eclipse-workspace\Paypilot1)
2026-10-07 23:25:02 INFO  com.paypilot.PayPilotApplication - No active profile set, falling back to 1 default profile: "default"
2026-10-07 23:25:03 INFO  org.springframework.data.repository.config.RepositoryConfigurationDelegate - Bootstrapping Spring Data JPA repositories in DEFAULT mode.
2026-10-07 23:25:03 INFO  org.springframework.data.repository.config.RepositoryConfigurationDelegate - Finished Spring Data repository scanning in 48 ms. Found 2 JPA repository interfaces.
2026-10-07 23:25:04 INFO  org.springframework.boot.web.embedded.tomcat.TomcatWebServer - Tomcat initialized with port 8081 (http)
2026-10-07 23:25:04 INFO  org.apache.coyote.http11.Http11NioProtocol - Initializing ProtocolHandler ["http-nio-8081"]
2026-10-07 23:25:04 INFO  org.apache.catalina.core.StandardService - Starting service [Tomcat]
2026-10-07 23:25:04 INFO  org.apache.catalina.core.StandardEngine - Starting Servlet engine: [Apache Tomcat/10.1.55]
2026-10-07 23:25:04 INFO  org.apache.catalina.core.ContainerBase.[Tomcat].[localhost].[/] - Initializing Spring embedded WebApplicationContext
2026-10-07 23:25:04 INFO  org.springframework.boot.web.servlet.context.ServletWebServerApplicationContext - Root WebApplicationContext: initialization completed in 1978 ms
2026-10-07 23:25:04 INFO  org.hibernate.jpa.internal.util.LogHelper - HHH000204: Processing PersistenceUnitInfo [name: default]
2026-10-07 23:25:04 INFO  org.hibernate.Version - HHH000412: Hibernate ORM core version 6.6.53.Final
2026-10-07 23:25:04 INFO  org.hibernate.cache.internal.RegionFactoryInitiator - HHH000026: Second-level cache disabled
2026-10-07 23:25:04 INFO  org.springframework.orm.jpa.persistenceunit.SpringPersistenceUnitInfo - No LoadTimeWeaver setup: ignoring JPA class transformer
2026-10-07 23:25:05 INFO  com.zaxxer.hikari.HikariDataSource - HikariPool-1 - Starting...
2026-10-07 23:25:05 INFO  com.zaxxer.hikari.pool.HikariPool - HikariPool-1 - Added connection oracle.jdbc.driver.T4CConnection@4ad1a276
2026-10-07 23:25:05 INFO  com.zaxxer.hikari.HikariDataSource - HikariPool-1 - Start completed.
2026-10-07 23:25:05 INFO  org.hibernate.orm.connections.pooling - HHH10001005: Database info:
	Database JDBC URL [Connecting through datasource 'HikariDataSource (HikariPool-1)']
	Database driver: undefined/unknown
	Database version: 11.2
	Autocommit mode: undefined/unknown
	Isolation level: undefined/unknown
	Minimum pool size: undefined/unknown
	Maximum pool size: undefined/unknown
2026-10-07 23:25:06 INFO  org.hibernate.engine.transaction.jta.platform.internal.JtaPlatformInitiator - HHH000489: No JTA platform available (set 'hibernate.transaction.jta.platform' to enable JTA platform integration)
2026-10-07 23:25:07 INFO  org.springframework.orm.jpa.LocalContainerEntityManagerFactoryBean - Initialized JPA EntityManagerFactory for persistence unit 'default'
2026-10-07 23:25:07 INFO  com.paypilot.service.UserService - UserService initialized
2026-10-07 23:25:08 INFO  com.paypilot.controller.UserController - UserController initialized
2026-10-07 23:25:08 WARN  org.springframework.boot.autoconfigure.orm.jpa.JpaBaseConfiguration$JpaWebConfiguration - spring.jpa.open-in-view is enabled by default. Therefore, database queries may be performed during view rendering. Explicitly configure spring.jpa.open-in-view to disable this warning
2026-10-07 23:25:08 INFO  org.apache.coyote.http11.Http11NioProtocol - Starting ProtocolHandler ["http-nio-8081"]
2026-10-07 23:25:08 WARN  org.springframework.boot.web.servlet.context.AnnotationConfigServletWebServerApplicationContext - Exception encountered during context initialization - cancelling refresh attempt: org.springframework.context.ApplicationContextException: Failed to start bean 'webServerStartStop'
2026-10-07 23:25:08 INFO  org.springframework.orm.jpa.LocalContainerEntityManagerFactoryBean - Closing JPA EntityManagerFactory for persistence unit 'default'
2026-10-07 23:25:08 INFO  com.zaxxer.hikari.HikariDataSource - HikariPool-1 - Shutdown initiated...
2026-10-07 23:25:08 INFO  com.zaxxer.hikari.HikariDataSource - HikariPool-1 - Shutdown completed.
2026-10-07 23:25:08 INFO  org.springframework.boot.autoconfigure.logging.ConditionEvaluationReportLogger - 

Error starting ApplicationContext. To display the condition evaluation report re-run your application with 'debug' enabled.
2026-10-07 23:25:08 ERROR org.springframework.boot.diagnostics.LoggingFailureAnalysisReporter - 

***************************
APPLICATION FAILED TO START
***************************

Description:

Web server failed to start. Port 8081 was already in use.

Action:

Identify and stop the process that's listening on port 8081 or configure this application to listen on another port.

2026-10-07 23:25:26 INFO  org.hibernate.validator.internal.util.Version - HV000001: Hibernate Validator 8.0.3.Final
2026-10-07 23:25:26 INFO  com.paypilot.PayPilotApplication - Starting PayPilotApplication using Java 17.0.12 with PID 11948 (C:\Users\azureuser\eclipse-workspace\Paypilot1\target\classes started by azureuser in C:\Users\azureuser\eclipse-workspace\Paypilot1)
2026-10-07 23:25:27 INFO  com.paypilot.PayPilotApplication - No active profile set, falling back to 1 default profile: "default"
2026-10-07 23:25:27 INFO  org.springframework.data.repository.config.RepositoryConfigurationDelegate - Bootstrapping Spring Data JPA repositories in DEFAULT mode.
2026-10-07 23:25:27 INFO  org.springframework.data.repository.config.RepositoryConfigurationDelegate - Finished Spring Data repository scanning in 56 ms. Found 2 JPA repository interfaces.
2026-10-07 23:25:28 INFO  org.springframework.boot.web.embedded.tomcat.TomcatWebServer - Tomcat initialized with port 8080 (http)
2026-10-07 23:25:28 INFO  org.apache.coyote.http11.Http11NioProtocol - Initializing ProtocolHandler ["http-nio-8080"]
2026-10-07 23:25:28 INFO  org.apache.catalina.core.StandardService - Starting service [Tomcat]
2026-10-07 23:25:28 INFO  org.apache.catalina.core.StandardEngine - Starting Servlet engine: [Apache Tomcat/10.1.55]
2026-10-07 23:25:28 INFO  org.apache.catalina.core.ContainerBase.[Tomcat].[localhost].[/] - Initializing Spring embedded WebApplicationContext
2026-10-07 23:25:28 INFO  org.springframework.boot.web.servlet.context.ServletWebServerApplicationContext - Root WebApplicationContext: initialization completed in 1540 ms
2026-10-07 23:25:28 INFO  org.hibernate.jpa.internal.util.LogHelper - HHH000204: Processing PersistenceUnitInfo [name: default]
2026-10-07 23:25:28 INFO  org.hibernate.Version - HHH000412: Hibernate ORM core version 6.6.53.Final
2026-10-07 23:25:29 INFO  org.hibernate.cache.internal.RegionFactoryInitiator - HHH000026: Second-level cache disabled
2026-10-07 23:25:29 INFO  org.springframework.orm.jpa.persistenceunit.SpringPersistenceUnitInfo - No LoadTimeWeaver setup: ignoring JPA class transformer
2026-10-07 23:25:29 INFO  com.zaxxer.hikari.HikariDataSource - HikariPool-1 - Starting...
2026-10-07 23:25:29 INFO  com.zaxxer.hikari.pool.HikariPool - HikariPool-1 - Added connection oracle.jdbc.driver.T4CConnection@7fac18dc
2026-10-07 23:25:29 INFO  com.zaxxer.hikari.HikariDataSource - HikariPool-1 - Start completed.
2026-10-07 23:25:30 INFO  org.hibernate.orm.connections.pooling - HHH10001005: Database info:
	Database JDBC URL [Connecting through datasource 'HikariDataSource (HikariPool-1)']
	Database driver: undefined/unknown
	Database version: 11.2
	Autocommit mode: undefined/unknown
	Isolation level: undefined/unknown
	Minimum pool size: undefined/unknown
	Maximum pool size: undefined/unknown
2026-10-07 23:25:31 INFO  org.hibernate.engine.transaction.jta.platform.internal.JtaPlatformInitiator - HHH000489: No JTA platform available (set 'hibernate.transaction.jta.platform' to enable JTA platform integration)
2026-10-07 23:25:32 INFO  org.springframework.orm.jpa.LocalContainerEntityManagerFactoryBean - Initialized JPA EntityManagerFactory for persistence unit 'default'
2026-10-07 23:25:32 INFO  com.paypilot.service.UserService - UserService initialized
2026-10-07 23:25:32 INFO  com.paypilot.controller.UserController - UserController initialized
2026-10-07 23:25:32 WARN  org.springframework.boot.autoconfigure.orm.jpa.JpaBaseConfiguration$JpaWebConfiguration - spring.jpa.open-in-view is enabled by default. Therefore, database queries may be performed during view rendering. Explicitly configure spring.jpa.open-in-view to disable this warning
2026-10-07 23:25:32 INFO  org.apache.coyote.http11.Http11NioProtocol - Starting ProtocolHandler ["http-nio-8080"]
2026-10-07 23:25:32 WARN  org.springframework.boot.web.servlet.context.AnnotationConfigServletWebServerApplicationContext - Exception encountered during context initialization - cancelling refresh attempt: org.springframework.context.ApplicationContextException: Failed to start bean 'webServerStartStop'
2026-10-07 23:25:33 INFO  org.springframework.orm.jpa.LocalContainerEntityManagerFactoryBean - Closing JPA EntityManagerFactory for persistence unit 'default'
2026-10-07 23:25:33 INFO  com.zaxxer.hikari.HikariDataSource - HikariPool-1 - Shutdown initiated...
2026-10-07 23:25:33 INFO  com.zaxxer.hikari.HikariDataSource - HikariPool-1 - Shutdown completed.
2026-10-07 23:25:33 INFO  org.springframework.boot.autoconfigure.logging.ConditionEvaluationReportLogger - 

Error starting ApplicationContext. To display the condition evaluation report re-run your application with 'debug' enabled.
2026-10-07 23:25:33 ERROR org.springframework.boot.diagnostics.LoggingFailureAnalysisReporter - 

***************************
APPLICATION FAILED TO START
***************************

Description:

Web server failed to start. Port 8080 was already in use.

Action:

Identify and stop the process that's listening on port 8080 or configure this application to listen on another port.

2026-10-07 23:25:43 INFO  org.hibernate.validator.internal.util.Version - HV000001: Hibernate Validator 8.0.3.Final
2026-10-07 23:25:43 INFO  com.paypilot.PayPilotApplication - Starting PayPilotApplication using Java 17.0.12 with PID 10808 (C:\Users\azureuser\eclipse-workspace\Paypilot1\target\classes started by azureuser in C:\Users\azureuser\eclipse-workspace\Paypilot1)
2026-10-07 23:25:43 INFO  com.paypilot.PayPilotApplication - No active profile set, falling back to 1 default profile: "default"
2026-10-07 23:25:44 INFO  org.springframework.data.repository.config.RepositoryConfigurationDelegate - Bootstrapping Spring Data JPA repositories in DEFAULT mode.
2026-10-07 23:25:44 INFO  org.springframework.data.repository.config.RepositoryConfigurationDelegate - Finished Spring Data repository scanning in 45 ms. Found 2 JPA repository interfaces.
2026-10-07 23:25:44 INFO  org.springframework.boot.web.embedded.tomcat.TomcatWebServer - Tomcat initialized with port 8082 (http)
2026-10-07 23:25:44 INFO  org.apache.coyote.http11.Http11NioProtocol - Initializing ProtocolHandler ["http-nio-8082"]
2026-10-07 23:25:44 INFO  org.apache.catalina.core.StandardService - Starting service [Tomcat]
2026-10-07 23:25:44 INFO  org.apache.catalina.core.StandardEngine - Starting Servlet engine: [Apache Tomcat/10.1.55]
2026-10-07 23:25:44 INFO  org.apache.catalina.core.ContainerBase.[Tomcat].[localhost].[/] - Initializing Spring embedded WebApplicationContext
2026-10-07 23:25:44 INFO  org.springframework.boot.web.servlet.context.ServletWebServerApplicationContext - Root WebApplicationContext: initialization completed in 1300 ms
2026-10-07 23:25:44 INFO  org.hibernate.jpa.internal.util.LogHelper - HHH000204: Processing PersistenceUnitInfo [name: default]
2026-10-07 23:25:44 INFO  org.hibernate.Version - HHH000412: Hibernate ORM core version 6.6.53.Final
2026-10-07 23:25:45 INFO  org.hibernate.cache.internal.RegionFactoryInitiator - HHH000026: Second-level cache disabled
2026-10-07 23:25:45 INFO  org.springframework.orm.jpa.persistenceunit.SpringPersistenceUnitInfo - No LoadTimeWeaver setup: ignoring JPA class transformer
2026-10-07 23:25:45 INFO  com.zaxxer.hikari.HikariDataSource - HikariPool-1 - Starting...
2026-10-07 23:25:45 INFO  com.zaxxer.hikari.pool.HikariPool - HikariPool-1 - Added connection oracle.jdbc.driver.T4CConnection@1201e064
2026-10-07 23:25:45 INFO  com.zaxxer.hikari.HikariDataSource - HikariPool-1 - Start completed.
2026-10-07 23:25:45 INFO  org.hibernate.orm.connections.pooling - HHH10001005: Database info:
	Database JDBC URL [Connecting through datasource 'HikariDataSource (HikariPool-1)']
	Database driver: undefined/unknown
	Database version: 11.2
	Autocommit mode: undefined/unknown
	Isolation level: undefined/unknown
	Minimum pool size: undefined/unknown
	Maximum pool size: undefined/unknown
2026-10-07 23:25:46 INFO  org.hibernate.engine.transaction.jta.platform.internal.JtaPlatformInitiator - HHH000489: No JTA platform available (set 'hibernate.transaction.jta.platform' to enable JTA platform integration)
2026-10-07 23:25:47 INFO  org.springframework.orm.jpa.LocalContainerEntityManagerFactoryBean - Initialized JPA EntityManagerFactory for persistence unit 'default'
2026-10-07 23:25:47 INFO  com.paypilot.service.UserService - UserService initialized
2026-10-07 23:25:47 INFO  com.paypilot.controller.UserController - UserController initialized
2026-10-07 23:25:47 WARN  org.springframework.boot.autoconfigure.orm.jpa.JpaBaseConfiguration$JpaWebConfiguration - spring.jpa.open-in-view is enabled by default. Therefore, database queries may be performed during view rendering. Explicitly configure spring.jpa.open-in-view to disable this warning
2026-10-07 23:25:47 INFO  org.apache.coyote.http11.Http11NioProtocol - Starting ProtocolHandler ["http-nio-8082"]
2026-10-07 23:25:47 INFO  org.springframework.boot.web.embedded.tomcat.TomcatWebServer - Tomcat started on port 8082 (http) with context path '/'
2026-10-07 23:25:47 INFO  com.paypilot.PayPilotApplication - Started PayPilotApplication in 5.126 seconds (process running for 6.058)
2026-10-07 23:25:47 INFO  com.paypilot.PayPilotApplication - ==============================
2026-10-07 23:25:47 INFO  com.paypilot.PayPilotApplication - PayPilot Application Started
2026-10-07 23:25:47 INFO  com.paypilot.PayPilotApplication - ==============================
